<?xml version="1.0" encoding="utf-8"?><testsuites><testsuite name="pytest" errors="0" failures="0" skipped="7" tests="424" time="22.154" timestamp="2025-11-12T22:53:52.887445" hostname="745d9a4c299e"><testcase classname="tests.test_PDUEncodings.TestPDUEncodings" name="test_bad_unpack" time="0.002" /><testcase classname="tests.test_PDUEncodings.TestPDUEncodings" name="test_from_iterable" time="0.001" /><testcase classname="tests.test_PDUEncodings.TestPDUEncodings" name="test_octet_string" time="0.005" /><testcase classname="tests.test_PDUEncodings.TestPDUEncodings" name="test_oid" time="0.001" /><testcase classname="tests.test_PDUEncodings.TestPDUEncodings" name="test_oid_zero" time="0.001" /><testcase classname="tests.test_PDUEncodings.TestPDUEncodings" name="test_search_range" time="0.001" /><testcase classname="tests.test_PDUEncodings.TestPDUEncodings" name="test_value_representation" time="0.001" /><testcase classname="tests.test_PDUHeader.TestPDUHeader" name="test_bad_unpack" time="0.001" /><testcase classname="tests.test_PDUHeader.TestPDUHeader" name="test_endianness" time="0.001" /><testcase classname="tests.test_PDUHeader.TestPDU" name="test_PDU_autodiscover" time="0.001" /><testcase classname="tests.test_PDUHeader.TestPDU" name="test_factory" time="0.001" /><testcase classname="tests.test_PDUHeader.TestOpenPDU" name="test_roundtrip" time="0.001" /><testcase classname="tests.test_PDUHeader.TestResponsePDU" name="test_OpenPDU_response" time="0.001" /><testcase classname="tests.test_PDUHeader.TestResponsePDU" name="test_roundtrip" time="0.001" /><testcase classname="tests.test_PDUHeader.TestRegisterPDU" name="test_openPDU_stream" time="0.001" /><testcase classname="tests.test_PDUHeader.TestRegisterPDU" name="test_register_interfaces" time="0.001" /><testcase classname="tests.test_PDUHeader.TestRegisterPDU" name="test_register_prep" time="0.001" /><testcase classname="tests.test_PDUHeader.TestRegisterPDU" name="test_register_response" time="0.001" /><testcase classname="tests.test_PDUHeader.TestRegisterPDU" name="test_roundtrip" time="0.001" /><testcase classname="tests.test_PDUHeader.TestRegisterPDU" name="test_truncated_stream" time="0.001" /><testcase classname="tests.test_PDUHeader.TestGetPDU" name="test_roundtrip" time="0.001" /><testcase classname="tests.test_PDUHeader.TestGetNextPDU" name="test_make_response" time="0.001" /><testcase classname="tests.test_agent.TestAgentLoop" name="test_agent_loop" time="6.013" /><testcase classname="tests.test_arg_parser.TestUtil" name="test_valid_options_default_value_none" time="0.002" /><testcase classname="tests.test_arg_parser.TestUtil" name="test_valid_options_enable_dynamic_frequency" time="0.001" /><testcase classname="tests.test_arg_parser.TestUtil" name="test_valid_options_enable_dynamic_frequency_long" time="0.001" /><testcase classname="tests.test_arg_parser.TestUtil" name="test_valid_options_help" time="0.006" /><testcase classname="tests.test_arg_parser.TestUtil" name="test_valid_options_help_long" time="0.006" /><testcase classname="tests.test_arg_parser.TestUtil" name="test_valid_options_host" time="0.004" /><testcase classname="tests.test_arg_parser.TestUtil" name="test_valid_options_host_long" time="0.001" /><testcase classname="tests.test_arg_parser.TestUtil" name="test_valid_options_port" time="0.001" /><testcase classname="tests.test_arg_parser.TestUtil" name="test_valid_options_port_long" time="0.001" /><testcase classname="tests.test_arg_parser.TestUtil" name="test_valid_options_socket" time="0.001" /><testcase classname="tests.test_arg_parser.TestUtil" name="test_valid_options_socket_long" time="0.001" /><testcase classname="tests.test_arg_parser.TestUtil" name="test_valid_options_update_frequency" time="0.001" /><testcase classname="tests.test_arg_parser.TestUtil" name="test_valid_options_update_frequency_long" time="0.001" /><testcase classname="tests.test_arg_parser.TestUtil" name="test_valid_options_value_error" time="0.003" /><testcase classname="tests.test_arp.TestSonicMIB" name="test_getnextpdu" time="0.206" /><testcase classname="tests.test_arp.TestSonicMIB" name="test_getnextpdu_empty" time="0.001" /><testcase classname="tests.test_arp.TestSonicMIB" name="test_getnextpdu_exactmatch" time="0.002" /><testcase classname="tests.test_arp.TestSonicMIB" name="test_getpdu" time="0.001" /><testcase classname="tests.test_arp.TestSonicMIB" name="test_getpdu_noinstance" time="0.001" /><testcase classname="tests.test_bgp.TestSonicMIB" name="test_getpdu_active" time="0.029" /><testcase classname="tests.test_bgp.TestSonicMIB" name="test_getpdu_disappeared" time="0.001" /><testcase classname="tests.test_bgp.TestSonicMIB" name="test_getpdu_established" time="0.001" /><testcase classname="tests.test_bgp.TestSonicMIB" name="test_getpdu_idle" time="0.001" /><testcase classname="tests.test_bgp.TestSonicMIB" name="test_getpdu_ipv4_overwite_ipv6" time="0.001" /><testcase classname="tests.test_fdb.TestSonicMIB" name="test_getnextpdu" time="0.185" /><testcase classname="tests.test_fdb.TestSonicMIB" name="test_getnextpdu_empty" time="0.001" /><testcase classname="tests.test_fdb.TestSonicMIB" name="test_getnextpdu_exactmatch" time="0.001" /><testcase classname="tests.test_fdb.TestSonicMIB" name="test_getnextpdu_lag" time="0.001" /><testcase classname="tests.test_fdb.TestSonicMIB" name="test_getpdu" time="0.001" /><testcase classname="tests.test_fdb.TestSonicMIB" name="test_getpdu_noinstance" time="0.001" /><testcase classname="tests.test_forward.TestForwardMIB" name="test_getnextpdu" time="0.001" /><testcase classname="tests.test_forward.TestForwardMIB" name="test_getnextpdu_empty" time="0.001" /><testcase classname="tests.test_forward.TestForwardMIB" name="test_getnextpdu_exactmatch" time="0.001" /><testcase classname="tests.test_forward.TestForwardMIB" name="test_getnextpdu_first_default" time="0.001" /><testcase classname="tests.test_forward.TestForwardMIB" name="test_getnextpdu_first_default_status" time="0.001" /><testcase classname="tests.test_forward.TestForwardMIB" name="test_getpdu" time="0.001" /><testcase classname="tests.test_forward.TestForwardMIB" name="test_getpdu_loopback_status" time="0.001" /><testcase classname="tests.test_forward.TestForwardMIB" name="test_getpdu_noinstance" time="0.001" /><testcase classname="tests.test_forward.TestForwardMIB" name="test_network_order" time="0.001" /><testcase classname="tests.test_forward.TestForwardMIB" name="test_update" time="0.183" /><testcase classname="tests.test_hc_interfaces.TestGetNextPDU" name="test_get_next1" time="0.161" /><testcase classname="tests.test_hc_interfaces.TestGetNextPDU" name="test_get_next2" time="0.001" /><testcase classname="tests.test_hc_interfaces.TestGetNextPDU" name="test_get_next3" time="0.001" /><testcase classname="tests.test_hc_interfaces.TestGetNextPDU" name="test_get_next_alias" time="0.001" /><testcase classname="tests.test_hc_interfaces.TestGetNextPDU" name="test_getnextpdu_firstifalias" time="0.001" /><testcase classname="tests.test_hc_interfaces.TestGetNextPDU" name="test_high_speed" time="0.001" /><testcase classname="tests.test_hc_interfaces.TestGetNextPDU" name="test_in_octets" time="0.001" /><testcase classname="tests.test_hc_interfaces.TestGetNextPDU" name="test_in_octets_override" time="0.001" /><testcase classname="tests.test_hc_interfaces.TestGetNextPDU" name="test_low_speed" time="0.001" /><testcase classname="tests.test_hc_interfaces.TestGetNextPDU" name="test_mgmt_iface_alias" time="0.001" /><testcase classname="tests.test_hc_interfaces.TestGetNextPDU" name="test_mgmt_iface_name" time="0.001" /><testcase classname="tests.test_hc_interfaces.TestGetNextPDU" name="test_mgmt_iface_speed" time="0.001" /><testcase classname="tests.test_hc_interfaces.TestGetNextPDU" name="test_no_description" time="0.001" /><testcase classname="tests.test_hc_interfaces.TestGetNextPDU" name="test_no_speed" time="0.001" /><testcase classname="tests.test_hc_interfaces.TestGetNextPDU" name="test_portchannel_speed" time="0.002" /><testcase classname="tests.test_interfaces.TestGetNextPDU" name="test_bad_if_names" time="0.297" /><testcase classname="tests.test_interfaces.TestGetNextPDU" name="test_first_index" time="0.001" /><testcase classname="tests.test_interfaces.TestGetNextPDU" name="test_getnextpdu_firstifindex" time="0.001" /><testcase classname="tests.test_interfaces.TestGetNextPDU" name="test_getnextpdu_noneifindex" time="0.001" /><testcase classname="tests.test_interfaces.TestGetNextPDU" name="test_getnextpdu_secondifindex" time="0.001" /><testcase classname="tests.test_interfaces.TestGetNextPDU" name="test_high_speed" time="0.001" /><testcase classname="tests.test_interfaces.TestGetNextPDU" name="test_if_type_eth" time="0.001" /><testcase classname="tests.test_interfaces.TestGetNextPDU" name="test_if_type_l3vlan" time="0.001" /><testcase classname="tests.test_interfaces.TestGetNextPDU" name="test_if_type_portchannel" time="0.001" /><testcase classname="tests.test_interfaces.TestGetNextPDU" name="test_in_discards_portchannel" time="0.001" /><testcase classname="tests.test_interfaces.TestGetNextPDU" name="test_in_discards_rif" time="0.001" /><testcase classname="tests.test_interfaces.TestGetNextPDU" name="test_in_discards_vlan" time="0.001" /><testcase classname="tests.test_interfaces.TestGetNextPDU" name="test_in_discards_vlan_subinterface" time="0.001" /><testcase classname="tests.test_interfaces.TestGetNextPDU" name="test_in_errors_portchannel" time="0.001" /><testcase classname="tests.test_interfaces.TestGetNextPDU" name="test_in_errors_rif" time="0.001" /><testcase classname="tests.test_interfaces.TestGetNextPDU" name="test_in_errors_vlan_subinterface" time="0.001" /><testcase classname="tests.test_interfaces.TestGetNextPDU" name="test_in_octets" time="0.001" /><testcase classname="tests.test_interfaces.TestGetNextPDU" name="test_in_octets_override" time="0.001" /><testcase classname="tests.test_interfaces.TestGetNextPDU" name="test_in_octets_portchannel" time="0.001" /><testcase classname="tests.test_interfaces.TestGetNextPDU" name="test_in_octets_rif" time="0.001" /><testcase classname="tests.test_interfaces.TestGetNextPDU" name="test_in_octets_vlan" time="0.001" /><testcase classname="tests.test_interfaces.TestGetNextPDU" name="test_in_octets_vlan_subinterface" time="0.001" /><testcase classname="tests.test_interfaces.TestGetNextPDU" name="test_in_ucast_portchannel" time="0.001" /><testcase classname="tests.test_interfaces.TestGetNextPDU" name="test_in_ucast_rif" time="0.001" /><testcase classname="tests.test_interfaces.TestGetNextPDU" name="test_in_ucast_vlan" time="0.001" /><testcase classname="tests.test_interfaces.TestGetNextPDU" name="test_in_ucast_vlan_subinterface" time="0.001" /><testcase classname="tests.test_interfaces.TestGetNextPDU" name="test_interfaces_walk" time="0.001" /><testcase classname="tests.test_interfaces.TestGetNextPDU" name="test_low_speed" time="0.001" /><testcase classname="tests.test_interfaces.TestGetNextPDU" name="test_mgmt_iface" time="0.001" /><testcase classname="tests.test_interfaces.TestGetNextPDU" name="test_mgmt_iface_admin_status" time="0.001" /><testcase classname="tests.test_interfaces.TestGetNextPDU" name="test_mgmt_iface_description" time="0.001" /><testcase classname="tests.test_interfaces.TestGetNextPDU" name="test_mgmt_iface_oper_status" time="0.001" /><testcase classname="tests.test_interfaces.TestGetNextPDU" name="test_mgmt_iface_oper_status_unknown" time="0.001" /><testcase classname="tests.test_interfaces.TestGetNextPDU" name="test_missing_counter" time="0.001" /><testcase classname="tests.test_interfaces.TestGetNextPDU" name="test_no_speed" time="0.001" /><testcase classname="tests.test_interfaces.TestGetNextPDU" name="test_oid_response" time="0.001" /><testcase classname="tests.test_interfaces.TestGetNextPDU" name="test_out_discards_portchannel" time="0.001" /><testcase classname="tests.test_interfaces.TestGetNextPDU" name="test_out_discards_rif" time="0.001" /><testcase classname="tests.test_interfaces.TestGetNextPDU" name="test_out_discards_vlan" time="0.001" /><testcase classname="tests.test_interfaces.TestGetNextPDU" name="test_out_discards_vlan_subinterface" time="0.001" /><testcase classname="tests.test_interfaces.TestGetNextPDU" name="test_out_errors_portchannel" time="0.001" /><testcase classname="tests.test_interfaces.TestGetNextPDU" name="test_out_errors_rif" time="0.001" /><testcase classname="tests.test_interfaces.TestGetNextPDU" name="test_out_errors_vlan_subinterface" time="0.001" /><testcase classname="tests.test_interfaces.TestGetNextPDU" name="test_out_octets_portchannel" time="0.001" /><testcase classname="tests.test_interfaces.TestGetNextPDU" name="test_out_octets_rif" time="0.001" /><testcase classname="tests.test_interfaces.TestGetNextPDU" name="test_out_octets_vlan" time="0.001" /><testcase classname="tests.test_interfaces.TestGetNextPDU" name="test_out_octets_vlan_subinterface" time="0.001" /><testcase classname="tests.test_interfaces.TestGetNextPDU" name="test_out_ucast_portchannel" time="0.001" /><testcase classname="tests.test_interfaces.TestGetNextPDU" name="test_out_ucast_rif" time="0.001" /><testcase classname="tests.test_interfaces.TestGetNextPDU" name="test_out_ucast_vlan" time="0.001" /><testcase classname="tests.test_interfaces.TestGetNextPDU" name="test_out_ucast_vlan_subinterface" time="0.001" /><testcase classname="tests.test_interfaces.TestGetNextPDU" name="test_regisiter_response" time="0.001" /><testcase classname="tests.test_interfaces.TestGetNextPDU" name="test_vlan_iface" time="0.001" /><testcase classname="tests.test_interfaces.TestGetNextPDU" name="test_vlan_iface_description" time="0.002" /><testcase classname="tests.test_interfaces.TestGetNextPDU_2863" name="test_mgmt_iface_description_ifMIB" time="0.560" /><testcase classname="tests.test_interfaces.TestGetNextPDU_2863" name="test_mgmt_iface_ifMIB" time="0.002" /><testcase classname="tests.test_interfaces.TestGetNextPDU_2863" name="test_vlan_iface_1213_2863_consistent" time="0.026" /><testcase classname="tests.test_interfaces.TestGetNextPDU_2863" name="test_vlan_iface_description_ifMIB" time="0.002" /><testcase classname="tests.test_interfaces.TestGetNextPDU_2863" name="test_vlan_iface_ifMIB" time="0.002" /><testcase classname="tests.test_lldp.TestLLDPMIB" name="test_get_latest_notification" time="0.033" /><testcase classname="tests.test_lldp.TestLLDPMIB" name="test_getnextpdu_eth1" time="0.001" /><testcase classname="tests.test_lldp.TestLLDPMIB" name="test_getnextpdu_eth2" time="0.001" /><testcase classname="tests.test_lldp.TestLLDPMIB" name="test_getnextpdu_lldpLocSysCapEnabled" time="0.001" /><testcase classname="tests.test_lldp.TestLLDPMIB" name="test_getnextpdu_lldpLocSysCapSupported" time="0.001" /><testcase classname="tests.test_lldp.TestLLDPMIB" name="test_getnextpdu_lldpRemSysCapEnabled" time="0.001" /><testcase classname="tests.test_lldp.TestLLDPMIB" name="test_getnextpdu_lldpRemSysCapSupported" time="0.001" /><testcase classname="tests.test_lldp.TestLLDPMIB" name="test_getnextpdu_local_port_identification" time="0.001" /><testcase classname="tests.test_lldp.TestLLDPMIB" name="test_getnextpdu_noeth" time="0.001" /><testcase classname="tests.test_lldp.TestLLDPMIB" name="test_lab_breaks" time="0.001" /><testcase classname="tests.test_lldp.TestLLDPMIB" name="test_local_port_identification" time="0.001" /><testcase classname="tests.test_lldp.TestLLDPMIB" name="test_mgmt_local_port_identification" time="0.001" /><testcase classname="tests.test_lldp.TestLLDPMIB" name="test_subtype_lldp_loc_man_addr_table" time="0.001" /><testcase classname="tests.test_lldp.TestLLDPMIB" name="test_subtype_lldp_loc_port_table" time="0.001" /><testcase classname="tests.test_lldp.TestLLDPMIB" name="test_subtype_lldp_loc_sys_data" time="0.001" /><testcase classname="tests.test_lldp.TestLLDPMIB" name="test_subtype_lldp_rem_man_addr_table" time="0.003" /><testcase classname="tests.test_lldp.TestLLDPMIB" name="test_subtype_lldp_rem_table" time="0.006" /><testcase classname="tests.test_mibs.TestGetNextPDU" name="test_init_sync_d_interface_tables" time="0.140" /><testcase classname="tests.test_mibs.TestGetNextPDU" name="test_init_sync_d_lag_tables" time="0.126" /><testcase classname="tests.test_mibs.TestGetNextPDU" name="test_init_sync_d_queue_tables" time="0.076" /><testcase classname="tests.test_mibs.TestGetNextPDU" name="test_init_sync_d_vlan_tables" time="0.072" /><testcase classname="tests.test_nexthop.TestForwardMIB" name="test_getnextpdu" time="0.002" /><testcase classname="tests.test_nexthop.TestForwardMIB" name="test_getnextpdu_empty" time="0.001" /><testcase classname="tests.test_nexthop.TestForwardMIB" name="test_getnextpdu_exactmatch" time="0.001" /><testcase classname="tests.test_nexthop.TestForwardMIB" name="test_getpdu" time="0.001" /><testcase classname="tests.test_nexthop.TestForwardMIB" name="test_getpdu_noinstance" time="0.001" /><testcase classname="tests.test_nexthop.TestForwardMIB" name="test_network_order" time="0.001" /><testcase classname="tests.test_pfc.TestPfcPortCounters" name="test_getNextPduRequestForPort" time="0.167" /><testcase classname="tests.test_pfc.TestPfcPortCounters" name="test_getNextPduRequestForPriority" time="0.001" /><testcase classname="tests.test_pfc.TestPfcPortCounters" name="test_getNextPduindicationForPort" time="0.001" /><testcase classname="tests.test_pfc.TestPfcPortCounters" name="test_getNextPduindicationForPriority" time="0.001" /><testcase classname="tests.test_pfc.TestPfcPortCounters" name="test_getPduIndicationForPort" time="0.001" /><testcase classname="tests.test_pfc.TestPfcPortCounters" name="test_getPduIndicationForPriority" time="0.001" /><testcase classname="tests.test_pfc.TestPfcPortCounters" name="test_getPduPrioIndicationLag" time="0.002" /><testcase classname="tests.test_pfc.TestPfcPortCounters" name="test_getPduPrioIndicationLagMemberCounterNotAvailable" time="0.003" /><testcase classname="tests.test_pfc.TestPfcPortCounters" name="test_getPduPrioRequestsLag" time="0.002" /><testcase classname="tests.test_pfc.TestPfcPortCounters" name="test_getPduPrioRequestsLagMemberCounterNotAvailable" time="0.002" /><testcase classname="tests.test_pfc.TestPfcPortCounters" name="test_getPduRequestForPort" time="0.001" /><testcase classname="tests.test_pfc.TestPfcPortCounters" name="test_getPduRequestForPriority" time="0.001" /><testcase classname="tests.test_pfc.TestPfcPortCounters" name="test_getPduifIndicationLag" time="0.002" /><testcase classname="tests.test_pfc.TestPfcPortCounters" name="test_getPduifIndicationLagMemberCounterNotAvailable" time="0.002" /><testcase classname="tests.test_pfc.TestPfcPortCounters" name="test_getPduifRequestLag" time="0.002" /><testcase classname="tests.test_pfc.TestPfcPortCounters" name="test_getPduifRequestLagMemberCounterNotAvailable" time="0.002" /><testcase classname="tests.test_pfc.TestPfcPortCounters" name="test_getPfcSubtree" time="0.002" /><testcase classname="tests.test_psu.TestPsuStatus" name="test_getMissedPsu" time="0.002" /><testcase classname="tests.test_psu.TestPsuStatus" name="test_getNextPsu0" time="0.001" /><testcase classname="tests.test_psu.TestPsuStatus" name="test_getNextPsu1" time="0.002" /><testcase classname="tests.test_psu.TestPsuStatus" name="test_getNextPsu3" time="0.001" /><testcase classname="tests.test_psu.TestPsuStatus" name="test_getPsu1Status" time="0.001" /><testcase classname="tests.test_psu.TestPsuStatus" name="test_getPsu2Status" time="0.002" /><testcase classname="tests.test_queues_stat.TestQueueCounters" name="test_getIngressQueueCounters" time="0.015" /><testcase classname="tests.test_queues_stat.TestQueueCounters" name="test_getMulticastQueueCounters" time="0.001" /><testcase classname="tests.test_queues_stat.TestQueueCounters" name="test_getMulticastQueueCountersWrapped" time="0.001" /><testcase classname="tests.test_queues_stat.TestQueueCounters" name="test_getNextPduForQueueCounter" time="0.001" /><testcase classname="tests.test_queues_stat.TestQueueCounters" name="test_getNextPduForQueueCounter_wrapped" time="0.001" /><testcase classname="tests.test_queues_stat.TestQueueCounters" name="test_getQueueCounters" time="0.002" /><testcase classname="tests.test_queues_stat.TestQueueCounters" name="test_getQueueCountersForPortWithAllCounters" time="0.037" /><testcase classname="tests.test_queues_stat.TestQueueCounters" name="test_getSubtreeForQueueCounters" time="0.001" /><testcase classname="tests.test_rfc1213.TestNextHopUpdater" name="test_NextHopUpdater_route_has_next_hop" time="0.070" /><testcase classname="tests.test_rfc1213.TestNextHopUpdater" name="test_NextHopUpdater_route_no_next_hop" time="0.070" /><testcase classname="tests.test_rfc1213.TestNextHopUpdaterRedisException" name="test_InterfaceUpdater_get_counters" time="0.134" /><testcase classname="tests.test_rfc1213.TestNextHopUpdaterRedisException" name="test_InterfacesUpdater_re_init_redis_exception" time="0.142" /><testcase classname="tests.test_rfc1213.TestNextHopUpdaterRedisException" name="test_NextHopUpdater_redis_exception" time="3.078" /><testcase classname="tests.test_rfc2737.TestPhysicalTableMIBUpdater" name="test_PhysicalTableMIBUpdater_exception_in_reinit_data_wont_block_reinit_iteration_first" time="0.197" /><testcase classname="tests.test_rfc2737.TestPhysicalTableMIBUpdater" name="test_PhysicalTableMIBUpdater_exception_in_reinit_data_wont_block_reinit_iteration_last" time="0.344" /><testcase classname="tests.test_rfc2737.TestPhysicalTableMIBUpdater" name="test_PhysicalTableMIBUpdater_multi_exception" time="0.286" /><testcase classname="tests.test_rfc2737.TestPhysicalTableMIBUpdater" name="test_PhysicalTableMIBUpdater_runtime_exc_in_reinit_data_wont_block_reinit_iteration_first" time="0.155" /><testcase classname="tests.test_rfc2737.TestPhysicalTableMIBUpdater" name="test_PhysicalTableMIBUpdater_runtime_exc_in_reinit_data_wont_block_reinit_iteration_last" time="0.079" /><testcase classname="tests.test_rfc2737.TestFabricCardCacheUpdater" name="test_update_entity_cache" time="0.077" /><testcase classname="tests.test_rfc2863.TestInterfaceMIBUpdater" name="test_InterfaceMIBUpdater_get_counters" time="0.096" /><testcase classname="tests.test_rfc2863.TestInterfaceMIBUpdater" name="test_InterfaceMIBUpdater_get_high_speed" time="0.074" /><testcase classname="tests.test_rfc3433.TestPhysicalSensorTableMIBUpdater" name="test_PhysicalSensorTableMIBUpdater_fabriccard_update_fan_sensor_data" time="0.081" /><testcase classname="tests.test_rfc3433.TestPhysicalSensorTableMIBUpdater" name="test_PhysicalSensorTableMIBUpdater_re_init_redis_exception" time="0.074" /><testcase classname="tests.test_rfc3433.TestPhysicalSensorTableMIBUpdater" name="test_PhysicalSensorTableMIBUpdater_transceiver_info_key_missing" time="0.075" /><testcase classname="tests.test_rfc4292.TestRouteUpdater" name="test_RouteUpdater_re_init_redis_exception" time="0.074" /><testcase classname="tests.test_rfc4292.TestRouteUpdater" name="test_RouteUpdater_route_has_next_hop_and_iframe" time="0.075" /><testcase classname="tests.test_rfc4292.TestRouteUpdater" name="test_RouteUpdater_route_no_iframe" time="0.074" /><testcase classname="tests.test_rfc4292.TestRouteUpdater" name="test_RouteUpdater_route_no_next_hop" time="0.078" /><testcase classname="tests.test_rfc4363.TestFdbUpdater" name="test_FdbUpdater_ent_bridge_port_id_attr_missing" time="0.073" /><testcase classname="tests.test_rfc4363.TestFdbUpdater" name="test_RouteUpdater_re_init_redis_exception" time="0.074" /><testcase classname="tests.test_sensor.TestSonicMIB" name="test_getpdu_chassis_fan_speed_sensor" time="0.003" /><testcase classname="tests.test_sensor.TestSonicMIB" name="test_getpdu_chassis_temp_sensor" time="0.001" /><testcase classname="tests.test_sensor.TestSonicMIB" name="test_getpdu_psu_current_sensor" time="0.001" /><testcase classname="tests.test_sensor.TestSonicMIB" name="test_getpdu_psu_fan_speed_sensor" time="0.001" /><testcase classname="tests.test_sensor.TestSonicMIB" name="test_getpdu_psu_power_sensor" time="0.001" /><testcase classname="tests.test_sensor.TestSonicMIB" name="test_getpdu_psu_temp_sensor" time="0.002" /><testcase classname="tests.test_sensor.TestSonicMIB" name="test_getpdu_psu_voltage_sensor" time="0.001" /><testcase classname="tests.test_sensor.TestSonicMIB" name="test_getpdu_rj45_rx_power_sensor" time="0.002" /><testcase classname="tests.test_sensor.TestSonicMIB" name="test_getpdu_rj45_temperature_sensor" time="0.001" /><testcase classname="tests.test_sensor.TestSonicMIB" name="test_getpdu_rj45_tx_bias_sensor" time="0.002" /><testcase classname="tests.test_sensor.TestSonicMIB" name="test_getpdu_rj45_tx_power_sensor" time="0.002" /><testcase classname="tests.test_sensor.TestSonicMIB" name="test_getpdu_rj45_voltage_sensor" time="0.001" /><testcase classname="tests.test_sensor.TestSonicMIB" name="test_getpdu_xcvr_rx_power_sensor" time="0.002" /><testcase classname="tests.test_sensor.TestSonicMIB" name="test_getpdu_xcvr_rx_power_sensor_minus_infinity" time="0.001" /><testcase classname="tests.test_sensor.TestSonicMIB" name="test_getpdu_xcvr_temperature_sensor" time="0.001" /><testcase classname="tests.test_sensor.TestSonicMIB" name="test_getpdu_xcvr_tx_bias_sensor" time="0.001" /><testcase classname="tests.test_sensor.TestSonicMIB" name="test_getpdu_xcvr_tx_bias_sensor_overflow" time="0.001" /><testcase classname="tests.test_sensor.TestSonicMIB" name="test_getpdu_xcvr_tx_bias_sensor_unknown" time="0.001" /><testcase classname="tests.test_sensor.TestSonicMIB" name="test_getpdu_xcvr_tx_power_sensor" time="0.002" /><testcase classname="tests.test_sensor.TestSonicMIB" name="test_getpdu_xcvr_voltage_sensor" time="0.002" /><testcase classname="tests.test_sn.TestSonicMIB" name="test_getnextpdu_chassis_class" time="0.130" /><testcase classname="tests.test_sn.TestSonicMIB" name="test_getnextpdu_chassis_serial_number" time="0.001" /><testcase classname="tests.test_sn.TestSonicMIB" name="test_getpdu_chassis_mgmt_info" time="0.002" /><testcase classname="tests.test_sn.TestSonicMIB" name="test_getpdu_fan_drawer_info" time="0.003" /><testcase classname="tests.test_sn.TestSonicMIB" name="test_getpdu_fan_info" time="0.003" /><testcase classname="tests.test_sn.TestSonicMIB" name="test_getpdu_fan_tachometers_info" time="0.002" /><testcase classname="tests.test_sn.TestSonicMIB" name="test_getpdu_psu_info" time="0.003" /><testcase classname="tests.test_sn.TestSonicMIB" name="test_getpdu_psu_sensor_info" time="0.004" /><testcase classname="tests.test_sn.TestSonicMIB" name="test_getpdu_thermal_info" time="0.002" /><testcase classname="tests.test_sn.TestSonicMIB" name="test_getpdu_xcvr_dom" time="0.004" /><testcase classname="tests.test_sn.TestSonicMIB" name="test_getpdu_xcvr_info" time="0.003" /><testcase classname="tests.test_sn.TestSonicMIB" name="test_getpdu_xcvr_info_port_disable" time="0.003" /><testcase classname="tests.test_sn.TestSonicMIB" name="test_getpdu_xcvr_info_port_rj45" time="0.003" /><testcase classname="tests.test_sysname.TestGetNextPDU" name="test_getpdu_sysname" time="0.002" /><testcase classname="tests.test_utils.TestUtil" name="test_get_interval_negative" time="0.001" /><testcase classname="tests.test_utils.TestUtil" name="test_get_interval_negative_slow" time="0.001" /><testcase classname="tests.test_utils.TestUtil" name="test_get_interval_quick_finish" time="0.001" /><testcase classname="tests.test_utils.TestUtil" name="test_get_interval_slow_finish" time="0.001" /><testcase classname="tests.test_utils.TestUtil" name="test_get_interval_slow_finish_default_long" time="0.001" /><testcase classname="tests.test_utils.TestUtil" name="test_get_interval_very_slow" time="0.001" /><testcase classname="tests.test_utils.TestUtil" name="test_get_interval_zero" time="0.001" /><testcase classname="tests.test_utils.TestUtil" name="test_get_interval_zero_long" time="0.001" /><testcase classname="tests.namespace.test_arp.TestSonicMIB" name="test_getnextpdu" time="0.237" /><testcase classname="tests.namespace.test_arp.TestSonicMIB" name="test_getnextpdu_empty" time="0.001" /><testcase classname="tests.namespace.test_arp.TestSonicMIB" name="test_getnextpdu_exactmatch" time="0.001" /><testcase classname="tests.namespace.test_arp.TestSonicMIB" name="test_getnextpdu_exactmatch_asic0" time="0.001" /><testcase classname="tests.namespace.test_arp.TestSonicMIB" name="test_getnextpdu_exactmatch_asic1" time="0.001" /><testcase classname="tests.namespace.test_arp.TestSonicMIB" name="test_getpdu" time="0.001" /><testcase classname="tests.namespace.test_arp.TestSonicMIB" name="test_getpdu_noinstance" time="0.001" /><testcase classname="tests.namespace.test_arp.TestSonicMIB" name="test_getpdu_noinstance_eth0_docker0" time="0.001" /><testcase classname="tests.namespace.test_bgp.TestSonicMIB" name="test_getpdu_active" time="0.056" /><testcase classname="tests.namespace.test_bgp.TestSonicMIB" name="test_getpdu_disappeared" time="0.001" /><testcase classname="tests.namespace.test_bgp.TestSonicMIB" name="test_getpdu_established" time="0.001" /><testcase classname="tests.namespace.test_bgp.TestSonicMIB" name="test_getpdu_established_asic2" time="0.001" /><testcase classname="tests.namespace.test_bgp.TestSonicMIB" name="test_getpdu_idle" time="0.001" /><testcase classname="tests.namespace.test_fdb.TestSonicMIB" name="test_getnextpdu" time="0.001"><skipped type="pytest.skip" message="TODO: Need to update corresponding MIB implementation                 in the Snmp Agent for multiple namespaces/multi-asic">/usr/lib/python3/dist-packages/_pytest/unittest.py:367: TODO: Need to update corresponding MIB implementation                 in the Snmp Agent for multiple namespaces/multi-asic</skipped></testcase><testcase classname="tests.namespace.test_fdb.TestSonicMIB" name="test_getnextpdu_empty" time="0.001"><skipped type="pytest.skip" message="TODO: Need to update corresponding MIB implementation                 in the Snmp Agent for multiple namespaces/multi-asic">/usr/lib/python3/dist-packages/_pytest/unittest.py:367: TODO: Need to update corresponding MIB implementation                 in the Snmp Agent for multiple namespaces/multi-asic</skipped></testcase><testcase classname="tests.namespace.test_fdb.TestSonicMIB" name="test_getnextpdu_exactmatch" time="0.001"><skipped type="pytest.skip" message="TODO: Need to update corresponding MIB implementation                 in the Snmp Agent for multiple namespaces/multi-asic">/usr/lib/python3/dist-packages/_pytest/unittest.py:367: TODO: Need to update corresponding MIB implementation                 in the Snmp Agent for multiple namespaces/multi-asic</skipped></testcase><testcase classname="tests.namespace.test_fdb.TestSonicMIB" name="test_getnextpdu_exactmatch_asic0" time="0.001"><skipped type="pytest.skip" message="TODO: Need to update corresponding MIB implementation                 in the Snmp Agent for multiple namespaces/multi-asic">/usr/lib/python3/dist-packages/_pytest/unittest.py:367: TODO: Need to update corresponding MIB implementation                 in the Snmp Agent for multiple namespaces/multi-asic</skipped></testcase><testcase classname="tests.namespace.test_fdb.TestSonicMIB" name="test_getnextpdu_exactmatch_asic1" time="0.001"><skipped type="pytest.skip" message="TODO: Need to update corresponding MIB implementation                 in the Snmp Agent for multiple namespaces/multi-asic">/usr/lib/python3/dist-packages/_pytest/unittest.py:367: TODO: Need to update corresponding MIB implementation                 in the Snmp Agent for multiple namespaces/multi-asic</skipped></testcase><testcase classname="tests.namespace.test_fdb.TestSonicMIB" name="test_getpdu" time="0.001"><skipped type="pytest.skip" message="TODO: Need to update corresponding MIB implementation                 in the Snmp Agent for multiple namespaces/multi-asic">/usr/lib/python3/dist-packages/_pytest/unittest.py:367: TODO: Need to update corresponding MIB implementation                 in the Snmp Agent for multiple namespaces/multi-asic</skipped></testcase><testcase classname="tests.namespace.test_fdb.TestSonicMIB" name="test_getpdu_noinstance" time="0.001"><skipped type="pytest.skip" message="TODO: Need to update corresponding MIB implementation                 in the Snmp Agent for multiple namespaces/multi-asic">/usr/lib/python3/dist-packages/_pytest/unittest.py:367: TODO: Need to update corresponding MIB implementation                 in the Snmp Agent for multiple namespaces/multi-asic</skipped></testcase><testcase classname="tests.namespace.test_forward.TestForwardMIB" name="test_getnextpdu" time="0.055" /><testcase classname="tests.namespace.test_forward.TestForwardMIB" name="test_getnextpdu_empty" time="0.001" /><testcase classname="tests.namespace.test_forward.TestForwardMIB" name="test_getnextpdu_exactmatch" time="0.001" /><testcase classname="tests.namespace.test_forward.TestForwardMIB" name="test_getnextpdu_first_default" time="0.001" /><testcase classname="tests.namespace.test_forward.TestForwardMIB" name="test_getnextpdu_first_default_status" time="0.001" /><testcase classname="tests.namespace.test_forward.TestForwardMIB" name="test_getpdu" time="0.001" /><testcase classname="tests.namespace.test_forward.TestForwardMIB" name="test_getpdu_internal_noinstance" time="0.001" /><testcase classname="tests.namespace.test_forward.TestForwardMIB" name="test_getpdu_loopback_status" time="0.001" /><testcase classname="tests.namespace.test_forward.TestForwardMIB" name="test_getpdu_noinstance" time="0.001" /><testcase classname="tests.namespace.test_forward.TestForwardMIB" name="test_network_order" time="0.001" /><testcase classname="tests.namespace.test_forward.TestForwardMIB" name="test_update" time="0.003" /><testcase classname="tests.namespace.test_hc_interfaces.TestGetNextPDU" name="test_get_next1" time="0.117" /><testcase classname="tests.namespace.test_hc_interfaces.TestGetNextPDU" name="test_get_next2" time="0.001" /><testcase classname="tests.namespace.test_hc_interfaces.TestGetNextPDU" name="test_get_next3" time="0.001" /><testcase classname="tests.namespace.test_hc_interfaces.TestGetNextPDU" name="test_get_next_alias" time="0.001" /><testcase classname="tests.namespace.test_hc_interfaces.TestGetNextPDU" name="test_getnextpdu_firstifalias" time="0.002" /><testcase classname="tests.namespace.test_hc_interfaces.TestGetNextPDU" name="test_getnextpdu_lastifalias" time="0.001" /><testcase classname="tests.namespace.test_hc_interfaces.TestGetNextPDU" name="test_high_speed" time="0.001" /><testcase classname="tests.namespace.test_hc_interfaces.TestGetNextPDU" name="test_in_octets" time="0.001" /><testcase classname="tests.namespace.test_hc_interfaces.TestGetNextPDU" name="test_in_octets_override" time="0.001" /><testcase classname="tests.namespace.test_hc_interfaces.TestGetNextPDU" name="test_low_speed" time="0.001" /><testcase classname="tests.namespace.test_hc_interfaces.TestGetNextPDU" name="test_mgmt_iface_alias" time="0.001" /><testcase classname="tests.namespace.test_hc_interfaces.TestGetNextPDU" name="test_mgmt_iface_name" time="0.001" /><testcase classname="tests.namespace.test_hc_interfaces.TestGetNextPDU" name="test_mgmt_iface_speed" time="0.001" /><testcase classname="tests.namespace.test_hc_interfaces.TestGetNextPDU" name="test_no_description" time="0.001" /><testcase classname="tests.namespace.test_hc_interfaces.TestGetNextPDU" name="test_no_speed" time="0.002" /><testcase classname="tests.namespace.test_interfaces.TestGetNextPDU_1213" name="test_bad_if_names" time="0.219" /><testcase classname="tests.namespace.test_interfaces.TestGetNextPDU_1213" name="test_first_index" time="0.001" /><testcase classname="tests.namespace.test_interfaces.TestGetNextPDU_1213" name="test_getnextpdu_first_bp_ifindex" time="0.001" /><testcase classname="tests.namespace.test_interfaces.TestGetNextPDU_1213" name="test_getnextpdu_firstifindex" time="0.001" /><testcase classname="tests.namespace.test_interfaces.TestGetNextPDU_1213" name="test_getnextpdu_noneifindex" time="0.001" /><testcase classname="tests.namespace.test_interfaces.TestGetNextPDU_1213" name="test_getnextpdu_second_bp_ifindex" time="0.001" /><testcase classname="tests.namespace.test_interfaces.TestGetNextPDU_1213" name="test_getnextpdu_secondifindex" time="0.001" /><testcase classname="tests.namespace.test_interfaces.TestGetNextPDU_1213" name="test_high_speed" time="0.001" /><testcase classname="tests.namespace.test_interfaces.TestGetNextPDU_1213" name="test_if_type_eth" time="0.001" /><testcase classname="tests.namespace.test_interfaces.TestGetNextPDU_1213" name="test_if_type_l3vlan" time="0.001" /><testcase classname="tests.namespace.test_interfaces.TestGetNextPDU_1213" name="test_if_type_portchannel" time="0.001" /><testcase classname="tests.namespace.test_interfaces.TestGetNextPDU_1213" name="test_in_discards_portchannel" time="0.001" /><testcase classname="tests.namespace.test_interfaces.TestGetNextPDU_1213" name="test_in_discards_rif" time="0.001" /><testcase classname="tests.namespace.test_interfaces.TestGetNextPDU_1213" name="test_in_discards_vlan" time="0.001" /><testcase classname="tests.namespace.test_interfaces.TestGetNextPDU_1213" name="test_in_discards_vlan_subinterface" time="0.001" /><testcase classname="tests.namespace.test_interfaces.TestGetNextPDU_1213" name="test_in_errors_portchannel" time="0.001" /><testcase classname="tests.namespace.test_interfaces.TestGetNextPDU_1213" name="test_in_errors_rif" time="0.001" /><testcase classname="tests.namespace.test_interfaces.TestGetNextPDU_1213" name="test_in_errors_vlan_subinterface" time="0.001" /><testcase classname="tests.namespace.test_interfaces.TestGetNextPDU_1213" name="test_in_octets" time="0.001" /><testcase classname="tests.namespace.test_interfaces.TestGetNextPDU_1213" name="test_in_octets_override" time="0.001" /><testcase classname="tests.namespace.test_interfaces.TestGetNextPDU_1213" name="test_in_octets_portchannel" time="0.001" /><testcase classname="tests.namespace.test_interfaces.TestGetNextPDU_1213" name="test_in_octets_rif" time="0.001" /><testcase classname="tests.namespace.test_interfaces.TestGetNextPDU_1213" name="test_in_octets_vlan" time="0.001" /><testcase classname="tests.namespace.test_interfaces.TestGetNextPDU_1213" name="test_in_octets_vlan_subinterface" time="0.001" /><testcase classname="tests.namespace.test_interfaces.TestGetNextPDU_1213" name="test_in_ucast_portchannel" time="0.001" /><testcase classname="tests.namespace.test_interfaces.TestGetNextPDU_1213" name="test_in_ucast_rif" time="0.001" /><testcase classname="tests.namespace.test_interfaces.TestGetNextPDU_1213" name="test_in_ucast_vlan" time="0.001" /><testcase classname="tests.namespace.test_interfaces.TestGetNextPDU_1213" name="test_in_ucast_vlan_subinterface" time="0.001" /><testcase classname="tests.namespace.test_interfaces.TestGetNextPDU_1213" name="test_interfaces_walk" time="0.001" /><testcase classname="tests.namespace.test_interfaces.TestGetNextPDU_1213" name="test_low_speed" time="0.001" /><testcase classname="tests.namespace.test_interfaces.TestGetNextPDU_1213" name="test_mgmt_iface" time="0.001" /><testcase classname="tests.namespace.test_interfaces.TestGetNextPDU_1213" name="test_mgmt_iface_admin_status" time="0.001" /><testcase classname="tests.namespace.test_interfaces.TestGetNextPDU_1213" name="test_mgmt_iface_description" time="0.001" /><testcase classname="tests.namespace.test_interfaces.TestGetNextPDU_1213" name="test_missing_counter" time="0.001" /><testcase classname="tests.namespace.test_interfaces.TestGetNextPDU_1213" name="test_no_speed" time="0.001" /><testcase classname="tests.namespace.test_interfaces.TestGetNextPDU_1213" name="test_oid_response" time="0.001" /><testcase classname="tests.namespace.test_interfaces.TestGetNextPDU_1213" name="test_out_discards_portchannel" time="0.001" /><testcase classname="tests.namespace.test_interfaces.TestGetNextPDU_1213" name="test_out_discards_rif" time="0.001" /><testcase classname="tests.namespace.test_interfaces.TestGetNextPDU_1213" name="test_out_discards_vlan" time="0.001" /><testcase classname="tests.namespace.test_interfaces.TestGetNextPDU_1213" name="test_out_discards_vlan_subinterface" time="0.001" /><testcase classname="tests.namespace.test_interfaces.TestGetNextPDU_1213" name="test_out_errors_portchannel" time="0.001" /><testcase classname="tests.namespace.test_interfaces.TestGetNextPDU_1213" name="test_out_errors_rif" time="0.001" /><testcase classname="tests.namespace.test_interfaces.TestGetNextPDU_1213" name="test_out_errors_vlan_subinterface" time="0.001" /><testcase classname="tests.namespace.test_interfaces.TestGetNextPDU_1213" name="test_out_octets_portchannel" time="0.001" /><testcase classname="tests.namespace.test_interfaces.TestGetNextPDU_1213" name="test_out_octets_rif" time="0.001" /><testcase classname="tests.namespace.test_interfaces.TestGetNextPDU_1213" name="test_out_octets_vlan" time="0.001" /><testcase classname="tests.namespace.test_interfaces.TestGetNextPDU_1213" name="test_out_octets_vlan_subinterface" time="0.001" /><testcase classname="tests.namespace.test_interfaces.TestGetNextPDU_1213" name="test_out_ucast_portchannel" time="0.001" /><testcase classname="tests.namespace.test_interfaces.TestGetNextPDU_1213" name="test_out_ucast_rif" time="0.001" /><testcase classname="tests.namespace.test_interfaces.TestGetNextPDU_1213" name="test_out_ucast_vlan" time="0.001" /><testcase classname="tests.namespace.test_interfaces.TestGetNextPDU_1213" name="test_out_ucast_vlan_subinterface" time="0.001" /><testcase classname="tests.namespace.test_interfaces.TestGetNextPDU_1213" name="test_regisiter_response" time="0.001" /><testcase classname="tests.namespace.test_interfaces.TestGetNextPDU_1213" name="test_vlan_iface" time="0.001" /><testcase classname="tests.namespace.test_interfaces.TestGetNextPDU_1213" name="test_vlan_iface_description" time="0.002" /><testcase classname="tests.namespace.test_interfaces.TestGetNextPDU_2863" name="test_mgmt_iface_description_ifMIB" time="0.117" /><testcase classname="tests.namespace.test_interfaces.TestGetNextPDU_2863" name="test_mgmt_iface_ifMIB" time="0.001" /><testcase classname="tests.namespace.test_interfaces.TestGetNextPDU_2863" name="test_vlan_iface_description_ifMIB" time="0.001" /><testcase classname="tests.namespace.test_interfaces.TestGetNextPDU_2863" name="test_vlan_iface_ifMIB" time="0.002" /><testcase classname="tests.namespace.test_lldp.TestLLDPMIB" name="test_getnextpdu_eth1" time="0.222" /><testcase classname="tests.namespace.test_lldp.TestLLDPMIB" name="test_getnextpdu_eth2" time="0.001" /><testcase classname="tests.namespace.test_lldp.TestLLDPMIB" name="test_getnextpdu_eth3_asic1" time="0.001" /><testcase classname="tests.namespace.test_lldp.TestLLDPMIB" name="test_getnextpdu_lldpLocSysCapEnabled" time="0.001" /><testcase classname="tests.namespace.test_lldp.TestLLDPMIB" name="test_getnextpdu_lldpLocSysCapSupported" time="0.001" /><testcase classname="tests.namespace.test_lldp.TestLLDPMIB" name="test_getnextpdu_lldpRemSysCapEnabled" time="0.001" /><testcase classname="tests.namespace.test_lldp.TestLLDPMIB" name="test_getnextpdu_lldpRemSysCapSupported" time="0.001" /><testcase classname="tests.namespace.test_lldp.TestLLDPMIB" name="test_getnextpdu_local_port_identification" time="0.001" /><testcase classname="tests.namespace.test_lldp.TestLLDPMIB" name="test_getnextpdu_local_port_identification_asic2" time="0.001" /><testcase classname="tests.namespace.test_lldp.TestLLDPMIB" name="test_getnextpdu_noeth" time="0.001" /><testcase classname="tests.namespace.test_lldp.TestLLDPMIB" name="test_lab_breaks" time="0.001" /><testcase classname="tests.namespace.test_lldp.TestLLDPMIB" name="test_local_port_identification" time="0.001" /><testcase classname="tests.namespace.test_lldp.TestLLDPMIB" name="test_mgmt_local_port_identification" time="0.001" /><testcase classname="tests.namespace.test_lldp.TestLLDPMIB" name="test_subtype_lldp_loc_man_addr_table" time="0.005" /><testcase classname="tests.namespace.test_lldp.TestLLDPMIB" name="test_subtype_lldp_loc_port_table" time="0.001" /><testcase classname="tests.namespace.test_lldp.TestLLDPMIB" name="test_subtype_lldp_loc_sys_data" time="0.001" /><testcase classname="tests.namespace.test_lldp.TestLLDPMIB" name="test_subtype_lldp_rem_man_addr_table" time="0.006" /><testcase classname="tests.namespace.test_lldp.TestLLDPMIB" name="test_subtype_lldp_rem_table" time="0.002" /><testcase classname="tests.namespace.test_mibs.TestGetNextPDU" name="test_init_namespace_sync_d_lag_tables" time="0.099" /><testcase classname="tests.namespace.test_mibs.TestGetNextPDU" name="test_init_sync_d_interface_tables_for_recirc_ports" time="0.103" /><testcase classname="tests.namespace.test_pfc.TestPfcPortCounters" name="test_getAsic0FirstPduindicationForPort" time="0.164" /><testcase classname="tests.namespace.test_pfc.TestPfcPortCounters" name="test_getNextPduRequestForPort" time="0.001" /><testcase classname="tests.namespace.test_pfc.TestPfcPortCounters" name="test_getNextPduRequestForPriority" time="0.001" /><testcase classname="tests.namespace.test_pfc.TestPfcPortCounters" name="test_getNextPduiAsic1indicationForPriority" time="0.001" /><testcase classname="tests.namespace.test_pfc.TestPfcPortCounters" name="test_getNextPduindicationForPort" time="0.001" /><testcase classname="tests.namespace.test_pfc.TestPfcPortCounters" name="test_getNextPduindicationForPriority" time="0.001" /><testcase classname="tests.namespace.test_pfc.TestPfcPortCounters" name="test_getPduIndicationForPort" time="0.001" /><testcase classname="tests.namespace.test_pfc.TestPfcPortCounters" name="test_getPduIndicationForPriority" time="0.001" /><testcase classname="tests.namespace.test_pfc.TestPfcPortCounters" name="test_getPduRequestForPort" time="0.001" /><testcase classname="tests.namespace.test_pfc.TestPfcPortCounters" name="test_getPduRequestForPriority" time="0.001" /><testcase classname="tests.namespace.test_pfc.TestPfcPortCounters" name="test_getPfcSubtree" time="0.001" /><testcase classname="tests.namespace.test_pfc.TestPfcPortCounters" name="test_lastPduRequestForPort" time="0.001" /><testcase classname="tests.namespace.test_pfc.TestPfcPortCounters" name="test_no_interfaces" time="0.116" /><testcase classname="tests.namespace.test_queues_stat.TestQueueCounters" name="test_getIngressQueueCounters" time="0.070" /><testcase classname="tests.namespace.test_queues_stat.TestQueueCounters" name="test_getMulticastQueueCounters" time="0.001" /><testcase classname="tests.namespace.test_queues_stat.TestQueueCounters" name="test_getMulticastQueueCountersWrapped" time="0.001" /><testcase classname="tests.namespace.test_queues_stat.TestQueueCounters" name="test_getMulticastQueueCountersWrapped_asic1" time="0.001" /><testcase classname="tests.namespace.test_queues_stat.TestQueueCounters" name="test_getNextPduForQueueCounter" time="0.001" /><testcase classname="tests.namespace.test_queues_stat.TestQueueCounters" name="test_getNextPduForQueueCounter_asic2" time="0.001" /><testcase classname="tests.namespace.test_queues_stat.TestQueueCounters" name="test_getNextPduForQueueCounter_wrapped" time="0.001" /><testcase classname="tests.namespace.test_queues_stat.TestQueueCounters" name="test_getQueueCounters" time="0.002" /><testcase classname="tests.namespace.test_queues_stat.TestQueueCounters" name="test_getQueueCountersForPortWithAllCounters" time="0.025" /><testcase classname="tests.namespace.test_queues_stat.TestQueueCounters" name="test_getSubtreeForQueueCounters" time="0.002" /><testcase classname="tests.namespace.test_sensor.TestSonicMIB" name="test_getpdu_chassis_fan_speed_sensor" time="0.060" /><testcase classname="tests.namespace.test_sensor.TestSonicMIB" name="test_getpdu_chassis_temp_sensor" time="0.001" /><testcase classname="tests.namespace.test_sensor.TestSonicMIB" name="test_getpdu_psu_current_sensor" time="0.001" /><testcase classname="tests.namespace.test_sensor.TestSonicMIB" name="test_getpdu_psu_fan_speed_sensor" time="0.001" /><testcase classname="tests.namespace.test_sensor.TestSonicMIB" name="test_getpdu_psu_power_sensor" time="0.002" /><testcase classname="tests.namespace.test_sensor.TestSonicMIB" name="test_getpdu_psu_temp_sensor" time="0.001" /><testcase classname="tests.namespace.test_sensor.TestSonicMIB" name="test_getpdu_psu_voltage_sensor" time="0.001" /><testcase classname="tests.namespace.test_sensor.TestSonicMIB" name="test_getpdu_xcvr_rx_power_sensor" time="0.002" /><testcase classname="tests.namespace.test_sensor.TestSonicMIB" name="test_getpdu_xcvr_rx_power_sensor_minus_infinity" time="0.001" /><testcase classname="tests.namespace.test_sensor.TestSonicMIB" name="test_getpdu_xcvr_temperature_sensor" time="0.001" /><testcase classname="tests.namespace.test_sensor.TestSonicMIB" name="test_getpdu_xcvr_temperature_sensor_asic1" time="0.001" /><testcase classname="tests.namespace.test_sensor.TestSonicMIB" name="test_getpdu_xcvr_tx_bias_sensor" time="0.002" /><testcase classname="tests.namespace.test_sensor.TestSonicMIB" name="test_getpdu_xcvr_tx_bias_sensor_overflow" time="0.001" /><testcase classname="tests.namespace.test_sensor.TestSonicMIB" name="test_getpdu_xcvr_tx_bias_sensor_unknown" time="0.001" /><testcase classname="tests.namespace.test_sensor.TestSonicMIB" name="test_getpdu_xcvr_tx_power_sensor" time="0.002" /><testcase classname="tests.namespace.test_sensor.TestSonicMIB" name="test_getpdu_xcvr_voltage_sensor" time="0.001" /><testcase classname="tests.namespace.test_sensor.TestSonicMIB" name="test_getpdu_xcvr_voltage_sensor_asic1" time="0.002" /><testcase classname="tests.namespace.test_sysname.TestGetNextPDU" name="test_getpdu_sysname" time="0.241" /></testsuite></testsuites>